{
    "cpu_model": "Cortex-A72",
    "cpu_vendor": "ARM",
    "cpu_numanodes": "4",
    "cpu_sockets": "16",
    "cpu_stepping": "r0p2",
    "cpu_sum": "64",
    "cpu_threads": "1",
    "cpu_cores": "4"
}
