{
    "cpu_model": "Intel(R) Core(TM) i7-6820HQ CPU @ 2.70GHz",
    "cpu_vendor": "GenuineIntel",
    "cpu_numanodes": "1",
    "cpu_sockets": "1",
    "cpu_stepping": "3",
    "cpu_sum": "8",
    "cpu_threads": "2",
    "cpu_cores": "4"
}
